Une erreur est survenue : Déclaration d'une variable dont l'identifiant est déjà pris !!!

