Une erreur est survenue : Déclaration d'une constante dont l'identifiant est déjà pris !!!

