Execution du programme...
Saisir la valeur de x : Veuillez saisir une valeur enti√®re pour x : 