Erreur : Déclaration d'une constante dont l'identifiant est déjà pris !!!
Sortie de Farfadet !
