var a;
var b;
var c;
lire a;
ecrire a;
b := a*10;
ecrire b;
c := a*b;
ecrire c;
