var a;
ecrire 1;
ecrire 10;
ecrire 46;
lire a;
ecrire a;