var a;
var b;
var c;
lire a;
b := a;
ecrire b;
ecrire 12;
lire a;
c := a+18;
ecrire c;
