Erreur : Déclaration d'une variable dont l'identifiant est déjà pris !!!
Sortie de Farfadet !
