Execution du programme...
Saisir la valeur de x : 3
